2026-02-15 02:54:49,503 - User: hr | Role: HR | Dept: hr | Status: OK
2026-02-15 02:56:09,512 - User: ceo | Role: C-Level | Dept: marketing | Status: OK
2026-02-15 16:20:17,082 - User: hr | Role: HR | Dept: hr | Status: OK
2026-02-15 18:00:35,568 - User: hr | Role: HR | Dept: hr | Status: OK
2026-02-15 18:00:41,015 - Backing off send_request(...) for 0.0s (requests.exceptions.ReadTimeout: HTTPSConnectionPool(host='us.i.posthog.com', port=443): Read timed out. (read timeout=15))
2026-02-15 18:01:08,409 - Backing off send_request(...) for 1.8s (requests.exceptions.ReadTimeout: HTTPSConnectionPool(host='us.i.posthog.com', port=443): Read timed out. (read timeout=15))
2026-02-15 18:01:21,367 - Retrying (Retry(total=1, connect=1, read=2, redirect=None, status=None)) after connection broken by 'NameResolutionError("<urllib3.connection.HTTPSConnection object at 0x0000021722966710>: Failed to resolve 'us.i.posthog.com' ([Errno 11001] getaddrinfo failed)")': /batch/
2026-02-15 18:02:22,154 - User: ceo | Role: C-Level | Dept: finance | Status: OK
2026-02-15 18:03:19,132 - User: ceo | Role: C-Level | Dept: finance | Status: No results
2026-02-15 18:03:33,846 - User: ceo | Role: C-Level | Dept: finance | Status: No results
2026-02-15 18:04:36,977 - User: ceo | Role: C-Level | Dept: engineering | Status: OK
2026-02-15 23:00:03,901 - User: ceo | Role: C-Level | Dept: finance | Status: No results
2026-02-16 08:07:54,452 - User: ceo | Role: C-Level | Dept: finance | Status: OK
2026-02-16 17:49:15,884 - User: ceo | Role: C-Level | Dept: auto | Status: OK
2026-02-16 17:50:03,892 - User: ceo | Role: C-Level | Dept: auto | Status: OK
2026-02-16 18:44:05,361 - User: ceo | Role: C-Level | Dept: auto | Status: OK
2026-02-16 18:56:40,182 - User: ceo | Role: C-Level | Dept: auto | Status: OK
2026-02-16 18:57:28,238 - User: finance | Role: Finance | Dept: auto | Status: OK
2026-02-16 23:44:04,232 - User: ceo | Role: C-Level | Dept: auto | Status: OK
2026-02-17 07:50:46,579 - User: finance | Role: Finance | Dept: auto | Status: OK
2026-02-17 08:17:25,230 - User: ceo | Role: C-Level | Dept: auto | Status: OK
2026-02-17 08:28:40,147 - User: ceo | Role: C-Level | Dept: auto | Status: OK
2026-02-17 08:36:40,093 - User: marketing | Role: Marketing | Dept: auto | Status: OK
2026-02-17 08:37:46,535 - User: finance | Role: Finance | Dept: auto | Status: OK
2026-02-17 08:39:00,494 - User: hr | Role: HR | Dept: auto | Status: OK
2026-02-17 09:01:09,779 - User: ceo | Role: C-Level | Dept: auto | Status: OK
2026-02-17 09:03:49,451 - User: hr | Role: HR | Dept: auto | Status: OK
2026-02-17 09:05:10,151 - User: hr | Role: HR | Dept: auto | Status: OK
2026-02-17 09:05:15,389 - User: hr | Role: HR | Dept: auto | Status: OK
2026-02-17 09:06:57,956 - User: eng | Role: Engineering | Dept: auto | Status: OK
2026-02-17 17:54:08,586 - User: marketing | Role: Marketing | Dept: auto | Status: OK
2026-02-17 18:18:01,118 - User: finance | Role: Finance | Dept: auto | Status: OK
2026-02-17 18:20:09,922 - User: finance | Role: Finance | Dept: auto | Status: OK
2026-02-17 18:20:53,454 - User: finance | Role: Finance | Dept: auto | Status: OK
2026-02-17 18:21:50,452 - User: finance | Role: Finance | Dept: auto | Status: OK
2026-02-17 19:01:03,371 - User: hr | Role: HR | Dept: auto | Status: OK
2026-02-17 19:01:19,826 - User: hr | Role: HR | Dept: auto | Status: OK
2026-02-17 19:05:26,382 - User: ceo | Role: C-Level | Dept: auto | Status: OK
2026-02-17 19:15:38,010 - User: ceo | Role: C-Level | Dept: auto | Status: OK
2026-02-17 19:16:08,961 - User: ceo | Role: C-Level | Dept: auto | Status: OK
2026-02-17 19:16:21,434 - User: ceo | Role: C-Level | Dept: auto | Status: OK
2026-02-17 19:16:51,878 - User: ceo | Role: C-Level | Dept: auto | Status: OK
2026-02-17 19:17:25,115 - User: ceo | Role: C-Level | Dept: auto | Status: OK
2026-02-18 00:17:01,899 - User: ceo | Role: C-Level | Dept: auto | Status: OK
2026-02-18 00:19:03,243 - User: ceo | Role: C-Level | Dept: auto | Status: OK
2026-02-18 00:19:16,549 - User: ceo | Role: C-Level | Dept: auto | Status: OK
2026-02-18 00:19:26,560 - User: ceo | Role: C-Level | Dept: auto | Status: OK
2026-02-18 00:19:51,279 - User: ceo | Role: C-Level | Dept: auto | Status: OK
2026-02-18 00:20:19,835 - User: ceo | Role: C-Level | Dept: auto | Status: OK
2026-02-18 00:21:05,837 - User: ceo | Role: C-Level | Dept: auto | Status: OK
2026-02-18 00:25:29,305 - User: hr | Role: HR | Dept: auto | Status: OK
2026-02-18 00:25:38,036 - User: hr | Role: HR | Dept: auto | Status: OK
2026-02-18 00:26:11,074 - User: hr | Role: HR | Dept: auto | Status: OK
2026-02-18 00:27:16,120 - User: hr | Role: HR | Dept: auto | Status: OK
2026-02-18 00:27:40,367 - User: hr | Role: HR | Dept: auto | Status: OK
2026-02-18 00:29:35,639 - User: hr | Role: HR | Dept: auto | Status: OK
2026-02-18 00:29:49,066 - User: hr | Role: HR | Dept: auto | Status: OK
2026-02-18 00:30:52,700 - User: hr | Role: HR | Dept: auto | Status: OK
2026-02-18 01:33:20,334 - User: ceo | Role: C-Level | Dept: auto | Status: OK
2026-02-18 01:34:11,806 - User: ceo | Role: C-Level | Dept: auto | Status: OK
2026-02-18 01:34:45,549 - User: ceo | Role: C-Level | Dept: auto | Status: OK
2026-02-18 01:35:09,631 - User: ceo | Role: C-Level | Dept: auto | Status: OK
2026-02-18 01:35:48,329 - User: ceo | Role: C-Level | Dept: auto | Status: OK
2026-02-18 01:36:33,982 - User: ceo | Role: C-Level | Dept: auto | Status: OK
2026-02-18 02:01:57,181 - User: finance | Role: Finance | Dept: auto | Status: OK
2026-02-18 02:03:17,503 - User: ceo | Role: C-Level | Dept: auto | Status: OK
2026-02-18 02:25:31,606 - User: ceo | Role: C-Level | Dept: auto | Status: OK
2026-02-18 02:25:41,904 - User: ceo | Role: C-Level | Dept: auto | Status: OK
2026-02-18 02:26:26,320 - User: marketing | Role: Marketing | Dept: auto | Status: OK
2026-02-18 02:26:59,180 - User: ceo | Role: C-Level | Dept: auto | Status: OK
2026-02-18 02:32:39,419 - User: ceo | Role: C-Level | Dept: auto | Status: OK
2026-02-18 02:33:24,586 - User: ceo | Role: C-Level | Dept: auto | Status: OK
2026-02-18 02:34:23,694 - User: ceo | Role: C-Level | Dept: auto | Status: OK
2026-02-18 07:41:35,488 - User: ceo | Role: C-Level | Dept: auto | Status: OK
2026-02-18 07:43:07,316 - User: ceo | Role: C-Level | Dept: auto | Status: OK
2026-02-18 07:45:52,709 - User: hr | Role: HR | Dept: auto | Status: OK
2026-02-18 07:46:12,212 - User: hr | Role: HR | Dept: auto | Status: OK
2026-02-18 17:43:43,553 - User: ceo | Role: C-Level | Dept: auto | Status: OK
2026-02-18 17:44:38,055 - User: ceo | Role: C-Level | Dept: auto | Status: OK
2026-02-18 17:45:17,945 - User: ceo | Role: C-Level | Dept: auto | Status: OK
2026-02-18 17:45:57,767 - User: ceo | Role: C-Level | Dept: auto | Status: OK
2026-02-18 17:47:05,243 - User: ceo | Role: C-Level | Dept: auto | Status: OK
2026-02-18 17:55:26,817 - User: ceo | Role: C-Level | Dept: auto | Status: OK
2026-02-18 17:55:58,878 - User: ceo | Role: C-Level | Dept: auto | Status: OK
2026-02-18 18:01:01,455 - User: ceo | Role: C-Level | Dept: auto | Status: OK
2026-02-18 18:02:20,059 - User: ceo | Role: C-Level | Dept: auto | Status: OK
2026-02-18 18:02:44,620 - User: ceo | Role: C-Level | Dept: auto | Status: OK
2026-02-18 18:03:46,125 - User: ceo | Role: C-Level | Dept: auto | Status: OK
2026-02-18 18:04:44,312 - User: ceo | Role: C-Level | Dept: auto | Status: OK
2026-02-18 18:05:22,036 - User: ceo | Role: C-Level | Dept: auto | Status: OK
2026-02-18 19:03:50,900 - User: ceo | Role: C-Level | Dept: auto | Status: OK
2026-02-18 19:04:15,256 - User: ceo | Role: C-Level | Dept: auto | Status: OK
2026-02-18 19:04:40,246 - User: ceo | Role: C-Level | Dept: auto | Status: OK
2026-02-18 19:32:17,359 - User: ceo | Role: C-Level | Dept: auto | Status: OK
2026-02-18 19:36:46,809 - User: ceo | Role: C-Level | Dept: auto | Status: OK
2026-02-18 19:37:34,551 - User: ceo | Role: C-Level | Dept: auto | Status: OK
2026-02-21 19:38:29,186 - User: finance | Role: Finance | Dept: auto | Status: OK
2026-02-21 19:40:58,302 - User: hr | Role: HR | Dept: auto | Status: OK
