2026-02-12 18:46:09 marketing marketing "Describe the Q4 Projections & Targets" 0.39
2026-02-12 18:47:11 marketing marketing "Describe the Q3 Strategic Objectives" 0.46
2026-02-12 18:49:36 marketing marketing "Give me the details of Statutory Benefits" 0.46
2026-02-12 18:50:41 marketing marketing "List the Types of Leave" 0.46
2026-02-12 18:51:10 marketing marketing "What is Leave Application Process" 0.45
2026-02-12 18:51:36 marketing marketing "Explain complete Leave Application Process" 0.48
2026-02-12 18:52:02 marketing marketing "Describe the Core Values" 0.4
2026-02-12 18:52:34 marketing marketing "How do I apply for maternity leave?" 0.48
2026-02-12 18:52:49 marketing marketing "What if I forget to mark attendance?" 0.4
2026-02-12 18:53:08 marketing marketing "How is overtime calculated?" 0.41
2026-02-12 18:53:41 marketing marketing "Employee Referral Program" 0.45
2026-02-12 18:53:57 marketing marketing "what is Employee Referral Program" 0.44
2026-02-12 18:54:27 marketing marketing "Can I work from home?" 0.38
2026-02-12 18:54:47 marketing marketing "How do I apply for maternity leave?" 0.48
2026-02-12 18:55:45 finance finance "Explain Other Operational Expenses" 0.48
2026-02-12 18:56:12 finance finance "Other Operational Expenses" 0.48
2026-02-12 18:56:34 finance finance "Executive Summary" 0.42
2026-02-12 18:57:01 finance finance "2024 Annual Summary" 0.44
2026-02-12 18:57:26 finance finance "Explain 2024 Annual Summary" 0.44
2026-02-12 18:58:37 finance finance "What are Risks & Mitigation" 0.4
2026-02-12 18:59:05 finance finance "Quarterly Expense Breakdown" 0.45
2026-02-12 19:00:13 eng engineering "Explain company overview" 0.45
2026-02-12 19:01:28 eng engineering "What is Horizontal Scaling?" 0.38
2026-02-12 19:03:15 eng engineering "What is Database Scalability?" 0.43
2026-02-12 19:03:31 eng engineering "What is Database Scalability?" 0.43
2026-02-12 19:03:59 eng engineering "What is Horizontal Scaling?" 0.38
2026-02-12 19:05:36 hr hr "Give me some full names" 0.39
2026-02-12 19:07:25 hr hr "Give me emails" 0.38
2026-02-12 19:08:04 hr hr "Give me email" 0.38
2026-02-12 19:08:37 hr hr "List employee id" 0.45
2026-02-12 19:09:01 hr hr "What are performance rating" 0.39
2026-02-12 19:09:42 emp employees "Describe the backend system architecture" 0.0
2026-02-12 19:09:58 emp employees "Quarterly Expense Breakdown" 0.41
2026-02-12 19:30:18 eng engineering "Describe the backend system architecture" 0.47
2026-02-16 19:51:20 eng engineering "Describe the backend system architecture" 0.47
2026-02-16 20:04:44 eng engineering "Describe the backend system architecture" 0.47
2026-02-16 20:04:50 eng engineering "Explain company overview" 0.45
2026-02-16 20:05:06 eng engineering "What is Horizontal Scaling?" 0.38
2026-02-16 20:22:18 eng engineering "Describe the backend system architecture" 0.47
